// Vitest Snapshot v1, https://vitest.dev/guide/snapshot.html

exports[`TabUIBase > tab 1 is selected > content-box-t1 1`] = `
<div
  data-testid="content-box"
>
  Content 1
</div>
`;

exports[`TabUIBase > tab 1 is selected > tab-bar-t1 1`] = `
<div
  data-testid="tab-bar"
>
  <button
    data-testid="tab-button"
    style="font-weight: bold;"
    type="button"
  >
    Tab 1
  </button>
  <button
    data-testid="tab-button"
    style="font-weight: normal;"
    type="button"
  >
    Tab 2
  </button>
</div>
`;

exports[`TabUIBase > tab 2 is selected 1`] = `
{
  "asFragment": [Function],
  "baseElement": <body>
    <div>
      <div
        data-testid="tab-bar"
      >
        <button
          data-testid="tab-button"
          style="font-weight: bold;"
          type="button"
        >
          Tab 1
        </button>
        <button
          data-testid="tab-button"
          style="font-weight: normal;"
          type="button"
        >
          Tab 2
        </button>
      </div>
      <div
        data-testid="content-box"
      >
        Content 1
      </div>
    </div>
    <div>
      <div
        data-testid="tab-bar"
      >
        <button
          data-testid="tab-button"
          style="font-weight: normal;"
          type="button"
        >
          Tab 1
        </button>
        <button
          data-testid="tab-button"
          style="font-weight: bold;"
          type="button"
        >
          Tab 2
        </button>
      </div>
      <div
        data-testid="content-box"
      >
        Content 2
      </div>
    </div>
  </body>,
  "container": <div>
    <div
      data-testid="tab-bar"
    >
      <button
        data-testid="tab-button"
        style="font-weight: normal;"
        type="button"
      >
        Tab 1
      </button>
      <button
        data-testid="tab-button"
        style="font-weight: bold;"
        type="button"
      >
        Tab 2
      </button>
    </div>
    <div
      data-testid="content-box"
    >
      Content 2
    </div>
  </div>,
  "debug": [Function],
  "findAllByAltText": [Function],
  "findAllByDisplayValue": [Function],
  "findAllByLabelText": [Function],
  "findAllByPlaceholderText": [Function],
  "findAllByRole": [Function],
  "findAllByTestId": [Function],
  "findAllByText": [Function],
  "findAllByTitle": [Function],
  "findByAltText": [Function],
  "findByDisplayValue": [Function],
  "findByLabelText": [Function],
  "findByPlaceholderText": [Function],
  "findByRole": [Function],
  "findByTestId": [Function],
  "findByText": [Function],
  "findByTitle": [Function],
  "getAllByAltText": [Function],
  "getAllByDisplayValue": [Function],
  "getAllByLabelText": [Function],
  "getAllByPlaceholderText": [Function],
  "getAllByRole": [Function],
  "getAllByTestId": [Function],
  "getAllByText": [Function],
  "getAllByTitle": [Function],
  "getByAltText": [Function],
  "getByDisplayValue": [Function],
  "getByLabelText": [Function],
  "getByPlaceholderText": [Function],
  "getByRole": [Function],
  "getByTestId": [Function],
  "getByText": [Function],
  "getByTitle": [Function],
  "queryAllByAltText": [Function],
  "queryAllByDisplayValue": [Function],
  "queryAllByLabelText": [Function],
  "queryAllByPlaceholderText": [Function],
  "queryAllByRole": [Function],
  "queryAllByTestId": [Function],
  "queryAllByText": [Function],
  "queryAllByTitle": [Function],
  "queryByAltText": [Function],
  "queryByDisplayValue": [Function],
  "queryByLabelText": [Function],
  "queryByPlaceholderText": [Function],
  "queryByRole": [Function],
  "queryByTestId": [Function],
  "queryByText": [Function],
  "queryByTitle": [Function],
  "rerender": [Function],
  "unmount": [Function],
}
`;
