// Vitest Snapshot v1, https://vitest.dev/guide/snapshot.html

exports[`Hello component > should render properly 1`] = `
<DocumentFragment>
  <span>
    Hello, world!
  </span>
</DocumentFragment>
`;
