// Vitest Snapshot v1, https://vitest.dev/guide/snapshot.html

exports[`StopwatchContainer > provides context 1`] = `
<DocumentFragment>
  <span>
    ["elapsedTime","reset","running","start","stop","toggle"]
  </span>
</DocumentFragment>
`;
