// Vitest Snapshot v1, https://vitest.dev/guide/snapshot.html

exports[`render MinimalStopwatch 1`] = `
<DocumentFragment>
  <div
    style="width: 6em; font-family: monospace;"
  >
    <form>
      <span>
        00:00.000
      </span>
      <br />
      <button
        name="reset"
        type="submit"
      >
        Reset
      </button>
      <button
        type="submit"
      >
        Start
      </button>
    </form>
  </div>
</DocumentFragment>
`;
