// Vitest Snapshot v1, https://vitest.dev/guide/snapshot.html

exports[`render Measure 1`] = `<Measure />`;
