// Jest Snapshot v1, https://goo.gl/fbAQLP

exports[`render Measure 1`] = `<Measure />`;
