// Jest Snapshot v1, https://goo.gl/fbAQLP

exports[`render MinimalTimer 1`] = `
<DocumentFragment>
  <div
    style="width: 6em; font-family: monospace;"
  >
    <form>
      <span>
        16:40.000
      </span>
      <br />
      <button
        name="incrementMinute"
        type="submit"
      >
        +分
      </button>
      <button
        name="incrementSecond"
        type="submit"
      >
        +秒
      </button>
      <br />
      <button
        name="reset"
        type="submit"
      >
        Reset
      </button>
      <button
        type="submit"
      >
        Start
      </button>
    </form>
  </div>
</DocumentFragment>
`;
