// Vitest Snapshot v1, https://vitest.dev/guide/snapshot.html

exports[`UUIDIcon > renders error message with invalid UUID 1`] = `
<DocumentFragment>
  <span>
    Invalid UUID
  </span>
</DocumentFragment>
`;

exports[`UUIDIcon > renders with valid UUID 1`] = `
<DocumentFragment>
  <svg
    aria-label="BitIcon: 2121312103121120030302302202021233112022110231100020310130333201"
    height="64"
    role="img"
    viewBox="0 0 64 64"
    width="64"
    xmlns="http://www.w3.org/2000/svg"
  >
    <rect
      fill="#35b778"
      height="8"
      width="8"
      x="0"
      y="0"
    />
    <rect
      fill="#30678d"
      height="8"
      width="8"
      x="8"
      y="0"
    />
    <rect
      fill="#35b778"
      height="8"
      width="8"
      x="16"
      y="0"
    />
    <rect
      fill="#30678d"
      height="8"
      width="8"
      x="24"
      y="0"
    />
    <rect
      fill="#fde724"
      height="8"
      width="8"
      x="32"
      y="0"
    />
    <rect
      fill="#30678d"
      height="8"
      width="8"
      x="40"
      y="0"
    />
    <rect
      fill="#35b778"
      height="8"
      width="8"
      x="48"
      y="0"
    />
    <rect
      fill="#30678d"
      height="8"
      width="8"
      x="56"
      y="0"
    />
    <rect
      fill="#440154"
      height="8"
      width="8"
      x="0"
      y="8"
    />
    <rect
      fill="#fde724"
      height="8"
      width="8"
      x="8"
      y="8"
    />
    <rect
      fill="#30678d"
      height="8"
      width="8"
      x="16"
      y="8"
    />
    <rect
      fill="#35b778"
      height="8"
      width="8"
      x="24"
      y="8"
    />
    <rect
      fill="#30678d"
      height="8"
      width="8"
      x="32"
      y="8"
    />
    <rect
      fill="#30678d"
      height="8"
      width="8"
      x="40"
      y="8"
    />
    <rect
      fill="#35b778"
      height="8"
      width="8"
      x="48"
      y="8"
    />
    <rect
      fill="#440154"
      height="8"
      width="8"
      x="56"
      y="8"
    />
    <rect
      fill="#440154"
      height="8"
      width="8"
      x="0"
      y="16"
    />
    <rect
      fill="#fde724"
      height="8"
      width="8"
      x="8"
      y="16"
    />
    <rect
      fill="#440154"
      height="8"
      width="8"
      x="16"
      y="16"
    />
    <rect
      fill="#fde724"
      height="8"
      width="8"
      x="24"
      y="16"
    />
    <rect
      fill="#440154"
      height="8"
      width="8"
      x="32"
      y="16"
    />
    <rect
      fill="#35b778"
      height="8"
      width="8"
      x="40"
      y="16"
    />
    <rect
      fill="#fde724"
      height="8"
      width="8"
      x="48"
      y="16"
    />
    <rect
      fill="#440154"
      height="8"
      width="8"
      x="56"
      y="16"
    />
    <rect
      fill="#35b778"
      height="8"
      width="8"
      x="0"
      y="24"
    />
    <rect
      fill="#35b778"
      height="8"
      width="8"
      x="8"
      y="24"
    />
    <rect
      fill="#440154"
      height="8"
      width="8"
      x="16"
      y="24"
    />
    <rect
      fill="#35b778"
      height="8"
      width="8"
      x="24"
      y="24"
    />
    <rect
      fill="#440154"
      height="8"
      width="8"
      x="32"
      y="24"
    />
    <rect
      fill="#35b778"
      height="8"
      width="8"
      x="40"
      y="24"
    />
    <rect
      fill="#30678d"
      height="8"
      width="8"
      x="48"
      y="24"
    />
    <rect
      fill="#35b778"
      height="8"
      width="8"
      x="56"
      y="24"
    />
    <rect
      fill="#fde724"
      height="8"
      width="8"
      x="0"
      y="32"
    />
    <rect
      fill="#fde724"
      height="8"
      width="8"
      x="8"
      y="32"
    />
    <rect
      fill="#30678d"
      height="8"
      width="8"
      x="16"
      y="32"
    />
    <rect
      fill="#30678d"
      height="8"
      width="8"
      x="24"
      y="32"
    />
    <rect
      fill="#35b778"
      height="8"
      width="8"
      x="32"
      y="32"
    />
    <rect
      fill="#440154"
      height="8"
      width="8"
      x="40"
      y="32"
    />
    <rect
      fill="#35b778"
      height="8"
      width="8"
      x="48"
      y="32"
    />
    <rect
      fill="#35b778"
      height="8"
      width="8"
      x="56"
      y="32"
    />
    <rect
      fill="#30678d"
      height="8"
      width="8"
      x="0"
      y="40"
    />
    <rect
      fill="#30678d"
      height="8"
      width="8"
      x="8"
      y="40"
    />
    <rect
      fill="#440154"
      height="8"
      width="8"
      x="16"
      y="40"
    />
    <rect
      fill="#35b778"
      height="8"
      width="8"
      x="24"
      y="40"
    />
    <rect
      fill="#fde724"
      height="8"
      width="8"
      x="32"
      y="40"
    />
    <rect
      fill="#30678d"
      height="8"
      width="8"
      x="40"
      y="40"
    />
    <rect
      fill="#30678d"
      height="8"
      width="8"
      x="48"
      y="40"
    />
    <rect
      fill="#440154"
      height="8"
      width="8"
      x="56"
      y="40"
    />
    <rect
      fill="#440154"
      height="8"
      width="8"
      x="0"
      y="48"
    />
    <rect
      fill="#440154"
      height="8"
      width="8"
      x="8"
      y="48"
    />
    <rect
      fill="#35b778"
      height="8"
      width="8"
      x="16"
      y="48"
    />
    <rect
      fill="#440154"
      height="8"
      width="8"
      x="24"
      y="48"
    />
    <rect
      fill="#fde724"
      height="8"
      width="8"
      x="32"
      y="48"
    />
    <rect
      fill="#30678d"
      height="8"
      width="8"
      x="40"
      y="48"
    />
    <rect
      fill="#440154"
      height="8"
      width="8"
      x="48"
      y="48"
    />
    <rect
      fill="#30678d"
      height="8"
      width="8"
      x="56"
      y="48"
    />
    <rect
      fill="#fde724"
      height="8"
      width="8"
      x="0"
      y="56"
    />
    <rect
      fill="#440154"
      height="8"
      width="8"
      x="8"
      y="56"
    />
    <rect
      fill="#fde724"
      height="8"
      width="8"
      x="16"
      y="56"
    />
    <rect
      fill="#fde724"
      height="8"
      width="8"
      x="24"
      y="56"
    />
    <rect
      fill="#fde724"
      height="8"
      width="8"
      x="32"
      y="56"
    />
    <rect
      fill="#35b778"
      height="8"
      width="8"
      x="40"
      y="56"
    />
    <rect
      fill="#440154"
      height="8"
      width="8"
      x="48"
      y="56"
    />
    <rect
      fill="#30678d"
      height="8"
      width="8"
      x="56"
      y="56"
    />
  </svg>
</DocumentFragment>
`;
