// Jest Snapshot v1, https://goo.gl/fbAQLP

exports[`render Treemap 1`] = `
<div>
  <div
    style="width: 100%; height: 100%; position: absolute; overflow: hidden;"
  />
</div>
`;
