// Vitest Snapshot v1, https://vitest.dev/guide/snapshot.html

exports[`SizedTreemap > renders without crashing 1`] = `
<DocumentFragment>
  <div
    style="width: 100px; height: 100px; position: absolute; overflow: hidden;"
  >
    <div
      style="position: absolute; overflow: hidden; width: 70.00000762939453px; height: 57.142852783203125px; left: 0px; top: 0px;"
    >
      <div>
        Test1
      </div>
    </div>
    <div
      style="position: absolute; overflow: hidden; width: 70.00000762939453px; height: 42.857147216796875px; left: 0px; top: 57.142852783203125px;"
    >
      <div>
        Test2
      </div>
    </div>
    <div
      style="position: absolute; overflow: hidden; width: 29.99999237060547px; height: 66.66666412353516px; left: 70.00000762939453px; top: 0px;"
    >
      <div>
        Test3
      </div>
    </div>
    <div
      style="position: absolute; overflow: hidden; width: 29.99999237060547px; height: 33.333335876464844px; left: 70.00000762939453px; top: 66.66666412353516px;"
    >
      <div>
        Test4
      </div>
    </div>
  </div>
</DocumentFragment>
`;
