// Jest Snapshot v1, https://goo.gl/fbAQLP

exports[`render Dekamoji 1`] = `
[
  <div
    style="position: absolute; width: 100%; height: 100%; font-size: -4px; text-align: center; margin: 0px auto; box-sizing: border-box; white-space: pre-wrap;"
  >
    „ÅÇ
  </div>,
]
`;
